<html>
<body>
<pre>
<h1>µVision Build Log</h1>
<h2>Tool Versions:</h2>
IDE-Version: ¦ÌVision V5.38.0.0
Copyright (C) 2022 ARM Ltd and ARM Germany GmbH. All rights reserved.
License Information: 1 ljx, 11, LIC=21E4T-RV72C-FWI2N-Y06DE-3KTDT-HBB36
 
Tool Versions:
Toolchain:       MDK-ARM Plus  Version: 5.38.0.0
Toolchain Path:  C:\Keil_v5\ARM\ARMCC\Bin
C Compiler:      Armcc.exe V5.06 update 7 (build 960)
Assembler:       Armasm.exe V5.06 update 7 (build 960)
Linker/Locator:  ArmLink.exe V5.06 update 7 (build 960)
Library Manager: ArmAr.exe V5.06 update 7 (build 960)
Hex Converter:   FromElf.exe V5.06 update 7 (build 960)
CPU DLL:         SARMCM3.DLL V5.38.0.0
Dialog DLL:      DCM.DLL V1.17.5.0
Target DLL:      UL2CM3.DLL V1.164.8.0
Dialog DLL:      TCM.DLL V1.56.4.0
 
<h2>Project:</h2>
C:\Users\ljx\Desktop\12\Code\Project.uvprojx
Project File Date:  09/07/2025

<h2>Output:</h2>
*** Using Compiler 'V5.06 update 7 (build 960)', folder: 'C:\Keil_v5\ARM\ARMCC\Bin'
Rebuild target 'Target 1'
assembling startup_stm32f10x_md.s...
compiling core_cm3.c...
compiling stm32f10x_adc.c...
compiling stm32f10x_cec.c...
compiling misc.c...
compiling stm32f10x_dbgmcu.c...
compiling stm32f10x_dma.c...
compiling stm32f10x_can.c...
compiling system_stm32f10x.c...
compiling stm32f10x_crc.c...
compiling stm32f10x_exti.c...
compiling stm32f10x_dac.c...
compiling stm32f10x_bkp.c...
compiling stm32f10x_flash.c...
compiling stm32f10x_gpio.c...
compiling stm32f10x_fsmc.c...
compiling stm32f10x_iwdg.c...
compiling stm32f10x_i2c.c...
compiling stm32f10x_pwr.c...
compiling stm32f10x_rtc.c...
compiling stm32f10x_sdio.c...
compiling stm32f10x_rcc.c...
compiling stm32f10x_spi.c...
compiling time.c...
compiling led.c...
User\key.h(23): warning:  #1-D: last line of file ends without a newline
  #endif 
User\display.h(19): warning:  #1-D: last line of file ends without a newline
  #endif 
User\main.h(18): warning:  #1-D: last line of file ends without a newline
  #endif
User\led.c: 3 warnings, 0 errors
compiling stm32f10x_usart.c...
compiling stm32f10x_wwdg.c...
compiling hc_sr04.c...
User\hc_sr04.c(48): warning:  #61-D: integer operation result is out of range
      ECHO_R();
User\hc_sr04.c(48): warning:  #68-D: integer conversion resulted in a change of sign
      ECHO_R();
User\hc_sr04.c(101): warning:  #61-D: integer operation result is out of range
      ECHO1_R();
User\hc_sr04.c(101): warning:  #68-D: integer conversion resulted in a change of sign
      ECHO1_R();
User\hc_sr04.c: 4 warnings, 0 errors
compiling main.c...
User\key.h(23): warning:  #1-D: last line of file ends without a newline
  #endif 
User\display.h(19): warning:  #1-D: last line of file ends without a newline
  #endif 
User\main.h(18): warning:  #1-D: last line of file ends without a newline
  #endif
User\usart.h(23): warning:  #1-D: last line of file ends without a newline
  #endif 
User\main.c: 4 warnings, 0 errors
compiling OLED.c...
User\key.h(23): warning:  #1-D: last line of file ends without a newline
  #endif 
User\display.h(19): warning:  #1-D: last line of file ends without a newline
  #endif 
User\main.h(18): warning:  #1-D: last line of file ends without a newline
  #endif
User\OLED.c: 3 warnings, 0 errors
compiling Delay.c...
compiling stm32f10x_tim.c...
compiling usart.c...
User\usart.h(23): warning:  #1-D: last line of file ends without a newline
  #endif 
User\usart.c(105): warning:  #1-D: last line of file ends without a newline
  } 
User\usart.c: 2 warnings, 0 errors
compiling display.c...
User\display.h(19): warning:  #1-D: last line of file ends without a newline
  #endif 
User\display.c(73): warning:  #1-D: last line of file ends without a newline
  } 
User\display.c: 2 warnings, 0 errors
compiling key.c...
User\key.h(23): warning:  #1-D: last line of file ends without a newline
  #endif 
User\key.c(72): warning:  #1-D: last line of file ends without a newline
  } 
User\key.c: 2 warnings, 0 errors
linking...
Program Size: Code=4428 RO-data=1788 RW-data=40 ZI-data=1672  
FromELF: creating hex file...
".\Objects\Project.axf" - 0 Error(s), 20 Warning(s).

<h2>Software Packages used:</h2>

Package Vendor: Keil
                https://www.keil.com/pack/Keil.STM32F1xx_DFP.2.4.1.pack
                Keil.STM32F1xx_DFP.2.4.1
                STMicroelectronics STM32F1 Series Device Support, Drivers and Examples

<h2>Collection of Component include folders:</h2>
  C:/Users/ljx/AppData/Local/Arm/Packs/Keil/STM32F1xx_DFP/2.4.1/Device/Include

<h2>Collection of Component Files used:</h2>
Build Time Elapsed:  00:00:03
</pre>
</body>
</html>
